// Jest Snapshot v1, https://goo.gl/fbAQLP

exports[`QueryContext Field filters 1`] = `"id <> '1234567890' AND date BETWEEN '2025/01/01 00:00:00' AND '2025/07/01 00:00:00' AND price <= 200 AND price > 10"`;

exports[`QueryContext Field filters 2`] = `"(id <> '789123456' OR id <> '456789123') AND (id LIKE '7%' OR id LIKE '4%') AND price >= 10 AND price < 200"`;

exports[`QueryContext Table related 1`] = `"LEFT JOIN users ON this.leader = users.id"`;

exports[`QueryContext Table related 2`] = `"this.*, users.name AS leader_name"`;

exports[`QueryContext Table related 3`] = `"this.id, this.name, this.email, users.name AS leader_name"`;

exports[`QueryContext setPureContext 1`] = `"this.id, this.amount, this.unit_cost, this.product AS product_id, products.description AS product_description"`;

exports[`QueryContext setPureContext 2`] = `"INNER JOIN products ON this.product = products.id"`;

exports[`QueryContext setPureContext 3`] = `"(client = '123789' OR client = '456127') AND date BETWEEN '2025/01/01 00:00:00' AND '2025/07/01 00:00:00' AND sale NOT IN ('1834','7890')"`;

exports[`QueryContext setPureContext 4`] = `"ORDER BY sale ASC"`;

exports[`QueryContext setPureContext 5`] = `"LIMIT 250"`;
